2026-01-21 11:48:21.765 [main] INFO  LogUtil - 🚀 TEST SUITE STARTED: Smoke Tests
2026-01-21 11:48:21.981 [main] INFO  LogUtil - ========== TEST SETUP STARTED ==========
2026-01-21 11:48:35.855 [main] INFO  LogUtil - WebDriver initialized successfully
2026-01-21 11:48:39.320 [main] INFO  LogUtil - Navigated to URL: https://axis.poppyindia.com/
2026-01-21 11:48:39.328 [main] INFO  LogUtil - Starting login flow
2026-01-21 11:48:59.648 [main] ERROR LogUtil - Failed to enter value in Email Field
2026-01-21 11:49:19.716 [main] ERROR LogUtil - Failed to enter value in Password Field
2026-01-21 11:49:39.725 [main] WARN  LogUtil - Unable to click Sign In Button with normal click: Expected condition failed: waiting for element to be clickable: By.xpath: //button[contains(.,'Sign In')] (tried for 20 second(s) with 500 milliseconds interval)
2026-01-21 11:49:59.853 [main] ERROR LogUtil - Unable to click Sign In Button via JS fallback: Expected condition failed: waiting for visibility of element located by By.xpath: //button[contains(.,'Sign In')] (tried for 20 second(s) with 500 milliseconds interval)
2026-01-21 11:49:59.860 [main] INFO  LogUtil - Post Login Browser Confirmation not present – continuing
2026-01-21 11:50:19.875 [main] ERROR LogUtil - Dashboard Header is NOT displayed
2026-01-21 11:50:19.877 [main] WARN  LogUtil - Dashboard not confirmed after login
2026-01-21 11:50:40.090 [main] ERROR LogUtil - Unable to read Total Media Count
2026-01-21 11:50:40.090 [main] WARN  LogUtil - Unable to fetch Total Media Count
2026-01-21 11:50:40.092 [main] WARN  LogUtil - Login flow completed with issues
2026-01-21 11:50:40.094 [main] WARN  LogUtil - Login completed with issues. Tests will continue as non-critical.
2026-01-21 11:50:40.094 [main] INFO  LogUtil - ========== TEST SETUP COMPLETED ==========
2026-01-21 11:50:40.138 [main] INFO  LogUtil - ▶ STARTED TEST: verifyDashboard
2026-01-21 11:50:40.391 [main] INFO  LogUtil - ✔ PASSED TEST: verifyDashboard
2026-01-21 11:50:40.458 [main] INFO  LogUtil - 🏁 TEST SUITE FINISHED: Smoke Tests
2026-01-21 11:52:09.423 [main] INFO  LogUtil - 🚀 TEST SUITE STARTED: Default test
2026-01-21 11:52:09.515 [main] INFO  LogUtil - ========== TEST SETUP STARTED ==========
2026-01-21 11:52:14.007 [main] INFO  LogUtil - WebDriver initialized successfully
2026-01-21 11:52:15.316 [main] INFO  LogUtil - Navigated to URL: https://axis.poppyindia.com/
2026-01-21 11:52:15.349 [main] INFO  LogUtil - Starting login flow
2026-01-21 11:52:16.002 [main] INFO  LogUtil - Email Field e	ntered successfully
2026-01-21 11:52:16.238 [main] INFO  LogUtil - Password Field e	ntered successfully
2026-01-21 11:52:17.603 [main] INFO  LogUtil - Sign In Button clicked
2026-01-21 11:52:17.663 [main] INFO  LogUtil - Post Login Browser Confirmation not present – continuing
2026-01-21 11:52:19.005 [main] INFO  LogUtil - Dashboard Header is displayed
2026-01-21 11:52:19.138 [main] INFO  LogUtil - Total Media Count after login: TOTAL MEDIA
21
2026-01-21 11:52:19.138 [main] INFO  LogUtil - Login + dashboard verification completed successfully
2026-01-21 11:52:19.138 [main] INFO  LogUtil - Login successful. Proceeding with tests.
2026-01-21 11:52:19.138 [main] INFO  LogUtil - ========== TEST SETUP COMPLETED ==========
2026-01-21 11:52:19.172 [main] INFO  LogUtil - ▶ STARTED TEST: verifyDashboard
2026-01-21 11:52:19.621 [main] INFO  LogUtil - ✔ PASSED TEST: verifyDashboard
2026-01-21 11:52:19.763 [main] INFO  LogUtil - 🏁 TEST SUITE FINISHED: Default test
2026-01-21 11:57:32.382 [main] INFO  LogUtil - 🚀 TEST SUITE STARTED: Default test
2026-01-21 11:57:32.473 [main] INFO  LogUtil - ========== TEST SETUP STARTED ==========
2026-01-21 11:57:37.411 [main] INFO  LogUtil - WebDriver initialized successfully
2026-01-21 11:57:38.646 [main] INFO  LogUtil - Navigated to URL: https://axis.poppyindia.com/
2026-01-21 11:57:38.653 [main] INFO  LogUtil - Starting login flow
2026-01-21 11:57:39.314 [main] INFO  LogUtil - Email Field e	ntered successfully
2026-01-21 11:57:39.540 [main] INFO  LogUtil - Password Field e	ntered successfully
2026-01-21 11:57:40.767 [main] INFO  LogUtil - Sign In Button clicked
2026-01-21 11:57:40.849 [main] INFO  LogUtil - Post Login Browser Confirmation not present – continuing
2026-01-21 11:57:42.182 [main] INFO  LogUtil - Dashboard Header is displayed
2026-01-21 11:57:42.327 [main] INFO  LogUtil - Total Media Count after login: TOTAL MEDIA
28
2026-01-21 11:57:42.327 [main] INFO  LogUtil - Login + dashboard verification completed successfully
2026-01-21 11:57:42.327 [main] INFO  LogUtil - Login successful. Proceeding with tests.
2026-01-21 11:57:42.327 [main] INFO  LogUtil - ========== TEST SETUP COMPLETED ==========
2026-01-21 11:57:42.368 [main] INFO  LogUtil - ▶ STARTED TEST: verifyVideoMediaFlow
2026-01-21 11:58:02.812 [main] WARN  LogUtil - Unable to click Media Menu with normal click: Expected condition failed: waiting for element to be clickable: By.xpath: //a[@href='https://tempedditingadmin.poppyindia.com/media'] (tried for 20 second(s) with 500 milliseconds interval)
Build info: version: '4.16.1', revision: '9b4c83354e'
System info: os.name: 'Windows 11', os.arch: 'amd64', os.version: '10.0', java.version: '22.0.2'
Driver info: org.openqa.selenium.chrome.ChromeDriver
Capabilities {acceptInsecureCerts: false, browserName: chrome, browserVersion: 143.0.7499.193, chrome: {chromedriverVersion: 143.0.7499.192 (be2c1f4fd45..., userDataDir: C:\Users\Admin\AppData\Loca...}, fedcm:accounts: true, goog:chromeOptions: {debuggerAddress: localhost:61524}, goog:processID: 15164, networkConnectionEnabled: false, pageLoadStrategy: normal, platformName: windows, proxy: Proxy(), se:cdp: ws://localhost:61524/devtoo..., se:cdpVersion: 143.0.7499.193, setWindowRect: true, strictFileInteractability: false, timeouts: {implicit: 0, pageLoad: 300000, script: 30000}, unhandledPromptBehavior: dismiss and notify, webauthn:extension:credBlob: true, webauthn:extension:largeBlob: true, webauthn:extension:minPinLength: true, webauthn:extension:prf: true, webauthn:virtualAuthenticators: true}
Session ID: 4dd28710f4c7cda29b0e1df6bf349c13
2026-01-21 11:58:23.007 [main] ERROR LogUtil - Unable to click Media Menu via JS fallback: Expected condition failed: waiting for visibility of element located by By.xpath: //a[@href='https://tempedditingadmin.poppyindia.com/media'] (tried for 20 second(s) with 500 milliseconds interval)
Build info: version: '4.16.1', revision: '9b4c83354e'
System info: os.name: 'Windows 11', os.arch: 'amd64', os.version: '10.0', java.version: '22.0.2'
Driver info: org.openqa.selenium.chrome.ChromeDriver
Capabilities {acceptInsecureCerts: false, browserName: chrome, browserVersion: 143.0.7499.193, chrome: {chromedriverVersion: 143.0.7499.192 (be2c1f4fd45..., userDataDir: C:\Users\Admin\AppData\Loca...}, fedcm:accounts: true, goog:chromeOptions: {debuggerAddress: localhost:61524}, goog:processID: 15164, networkConnectionEnabled: false, pageLoadStrategy: normal, platformName: windows, proxy: Proxy(), se:cdp: ws://localhost:61524/devtoo..., se:cdpVersion: 143.0.7499.193, setWindowRect: true, strictFileInteractability: false, timeouts: {implicit: 0, pageLoad: 300000, script: 30000}, unhandledPromptBehavior: dismiss and notify, webauthn:extension:credBlob: true, webauthn:extension:largeBlob: true, webauthn:extension:minPinLength: true, webauthn:extension:prf: true, webauthn:virtualAuthenticators: true}
Session ID: 4dd28710f4c7cda29b0e1df6bf349c13
2026-01-21 11:59:03.281 [main] WARN  LogUtil - Unable to click Create Video Button with normal click: Expected condition failed: waiting for element to be clickable: By.xpath: //a[normalize-space()='Create Video'] (tried for 20 second(s) with 500 milliseconds interval)
Build info: version: '4.16.1', revision: '9b4c83354e'
System info: os.name: 'Windows 11', os.arch: 'amd64', os.version: '10.0', java.version: '22.0.2'
Driver info: org.openqa.selenium.chrome.ChromeDriver
Capabilities {acceptInsecureCerts: false, browserName: chrome, browserVersion: 143.0.7499.193, chrome: {chromedriverVersion: 143.0.7499.192 (be2c1f4fd45..., userDataDir: C:\Users\Admin\AppData\Loca...}, fedcm:accounts: true, goog:chromeOptions: {debuggerAddress: localhost:61524}, goog:processID: 15164, networkConnectionEnabled: false, pageLoadStrategy: normal, platformName: windows, proxy: Proxy(), se:cdp: ws://localhost:61524/devtoo..., se:cdpVersion: 143.0.7499.193, setWindowRect: true, strictFileInteractability: false, timeouts: {implicit: 0, pageLoad: 300000, script: 30000}, unhandledPromptBehavior: dismiss and notify, webauthn:extension:credBlob: true, webauthn:extension:largeBlob: true, webauthn:extension:minPinLength: true, webauthn:extension:prf: true, webauthn:virtualAuthenticators: true}
Session ID: 4dd28710f4c7cda29b0e1df6bf349c13
2026-01-21 11:59:23.514 [main] ERROR LogUtil - Unable to click Create Video Button via JS fallback: Expected condition failed: waiting for visibility of element located by By.xpath: //a[normalize-space()='Create Video'] (tried for 20 second(s) with 500 milliseconds interval)
Build info: version: '4.16.1', revision: '9b4c83354e'
System info: os.name: 'Windows 11', os.arch: 'amd64', os.version: '10.0', java.version: '22.0.2'
Driver info: org.openqa.selenium.chrome.ChromeDriver
Capabilities {acceptInsecureCerts: false, browserName: chrome, browserVersion: 143.0.7499.193, chrome: {chromedriverVersion: 143.0.7499.192 (be2c1f4fd45..., userDataDir: C:\Users\Admin\AppData\Loca...}, fedcm:accounts: true, goog:chromeOptions: {debuggerAddress: localhost:61524}, goog:processID: 15164, networkConnectionEnabled: false, pageLoadStrategy: normal, platformName: windows, proxy: Proxy(), se:cdp: ws://localhost:61524/devtoo..., se:cdpVersion: 143.0.7499.193, setWindowRect: true, strictFileInteractability: false, timeouts: {implicit: 0, pageLoad: 300000, script: 30000}, unhandledPromptBehavior: dismiss and notify, webauthn:extension:credBlob: true, webauthn:extension:largeBlob: true, webauthn:extension:minPinLength: true, webauthn:extension:prf: true, webauthn:virtualAuthenticators: true}
Session ID: 4dd28710f4c7cda29b0e1df6bf349c13
2026-01-21 11:59:23.521 [main] INFO  LogUtil - 🎬 Video creation started at: 2026-01-21T11:59:23.520971500
2026-01-21 11:59:43.615 [main] ERROR LogUtil - Failed to enter value in Video Title
2026-01-21 11:59:43.627 [main] INFO  LogUtil - 📁 Valid Thumbnail Image found: istockphoto-1716000541-1024x1024.jpg (0 MB)
2026-01-21 12:00:03.896 [main] ERROR LogUtil - ❌ Failed to upload Thumbnail Upload : Expected condition failed: waiting for visibility of element located by By.xpath: //input[@id='thumbnail_image'] (tried for 20 second(s) with 500 milliseconds interval)
Build info: version: '4.16.1', revision: '9b4c83354e'
System info: os.name: 'Windows 11', os.arch: 'amd64', os.version: '10.0', java.version: '22.0.2'
Driver info: org.openqa.selenium.chrome.ChromeDriver
Capabilities {acceptInsecureCerts: false, browserName: chrome, browserVersion: 143.0.7499.193, chrome: {chromedriverVersion: 143.0.7499.192 (be2c1f4fd45..., userDataDir: C:\Users\Admin\AppData\Loca...}, fedcm:accounts: true, goog:chromeOptions: {debuggerAddress: localhost:61524}, goog:processID: 15164, networkConnectionEnabled: false, pageLoadStrategy: normal, platformName: windows, proxy: Proxy(), se:cdp: ws://localhost:61524/devtoo..., se:cdpVersion: 143.0.7499.193, setWindowRect: true, strictFileInteractability: false, timeouts: {implicit: 0, pageLoad: 300000, script: 30000}, unhandledPromptBehavior: dismiss and notify, webauthn:extension:credBlob: true, webauthn:extension:largeBlob: true, webauthn:extension:minPinLength: true, webauthn:extension:prf: true, webauthn:virtualAuthenticators: true}
Session ID: 4dd28710f4c7cda29b0e1df6bf349c13
2026-01-21 12:00:03.900 [main] INFO  LogUtil - 📁 Valid Video File found: 11 video.mp4 (12 MB)
2026-01-21 12:00:28.444 [main] INFO  LogUtil - 🚀 TEST SUITE STARTED: Default test
2026-01-21 12:00:28.565 [main] INFO  LogUtil - ========== TEST SETUP STARTED ==========
2026-01-21 12:00:33.956 [main] INFO  LogUtil - WebDriver initialized successfully
2026-01-21 12:00:34.373 [main] INFO  LogUtil - Navigated to URL: https://axis.poppyindia.com/
2026-01-21 12:00:34.474 [main] INFO  LogUtil - Starting login flow
2026-01-21 12:00:35.854 [main] INFO  LogUtil - Email Field e	ntered successfully
2026-01-21 12:00:36.107 [main] INFO  LogUtil - Password Field e	ntered successfully
2026-01-21 12:00:37.618 [main] INFO  LogUtil - Sign In Button clicked
2026-01-21 12:00:37.691 [main] INFO  LogUtil - Post Login Browser Confirmation not present – continuing
2026-01-21 12:00:38.971 [main] INFO  LogUtil - Dashboard Header is displayed
2026-01-21 12:00:39.101 [main] INFO  LogUtil - Total Media Count after login: TOTAL MEDIA
25
2026-01-21 12:00:39.105 [main] INFO  LogUtil - Login + dashboard verification completed successfully
2026-01-21 12:00:39.107 [main] INFO  LogUtil - Login successful. Proceeding with tests.
2026-01-21 12:00:39.109 [main] INFO  LogUtil - ========== TEST SETUP COMPLETED ==========
2026-01-21 12:00:39.142 [main] INFO  LogUtil - ▶ STARTED TEST: verifyVideoMediaFlow
2026-01-21 12:00:39.847 [main] INFO  LogUtil - Media Menu clicked
2026-01-21 12:01:00.164 [main] INFO  LogUtil - Create Video Button clicked
2026-01-21 12:01:00.174 [main] INFO  LogUtil - 🎬 Video creation started at: 2026-01-21T12:01:00.174196
2026-01-21 12:01:00.970 [main] INFO  LogUtil - Video Title e	ntered successfully
2026-01-21 12:01:00.970 [main] INFO  LogUtil - 📁 Valid Thumbnail Image found: istockphoto-1716000541-1024x1024.jpg (0 MB)
2026-01-21 12:01:01.085 [main] INFO  LogUtil - 📁 Thumbnail Upload uploaded successfully → istockphoto-1716000541-1024x1024.jpg
2026-01-21 12:01:01.085 [main] INFO  LogUtil - 📁 Valid Video File found: 11 video.mp4 (12 MB)
2026-01-21 12:01:01.183 [main] INFO  LogUtil - 📁 Video Upload uploaded successfully → 11 video.mp4
2026-01-21 12:01:01.402 [main] INFO  LogUtil - Ratio Dropdown clicked
2026-01-21 12:01:01.629 [main] INFO  LogUtil - Ratio Option clicked
2026-01-21 12:01:01.926 [main] INFO  LogUtil - Save Video Button clicked
2026-01-21 12:01:01.991 [main] INFO  LogUtil - Video Upload Loader disappeared
2026-01-21 12:01:11.495 [main] INFO  LogUtil - Video success toast (configured) is visible
2026-01-21 12:01:11.501 [main] INFO  LogUtil - Success toast detected (configured)
2026-01-21 12:01:11.567 [main] INFO  LogUtil - Create Video Modal disappeared
2026-01-21 12:01:11.571 [main] INFO  LogUtil - Create video modal disappeared
2026-01-21 12:01:16.580 [main] WARN  LogUtil - Error reading videos.card.xpath from config: ❌ Missing key in config.properties → videos.card.xpath
2026-01-21 12:01:16.580 [main] INFO  LogUtil - Opening Videos Page
2026-01-21 12:01:37.368 [main] INFO  LogUtil - Videos Menu clicked
2026-01-21 12:01:38.645 [main] INFO  LogUtil - ✅ Opened latest video (top-most card)
2026-01-21 12:01:39.576 [main] INFO  LogUtil - Intro Position Dropdown clicked
2026-01-21 12:01:39.726 [main] INFO  LogUtil - Intro Posi	tion → Start of Video clicked
2026-01-21 12:01:39.861 [main] INFO  LogUtil - Company Name cleared
2026-01-21 12:01:40.087 [main] INFO  LogUtil - Company Name e	ntered successfully
2026-01-21 12:01:40.134 [main] INFO  LogUtil - Company value: Ananth Company
2026-01-21 12:01:40.134 [main] INFO  LogUtil - Company: Ananth Company
2026-01-21 12:01:40.220 [main] INFO  LogUtil - Address value: No. 283/db, Sukkampatti Manalmedu Manmangalam, tk, Kaur, Tamil Nadu 639003
2026-01-21 12:01:40.226 [main] INFO  LogUtil - Address: No. 283/db, Sukkampatti Manalmedu Manmangalam, tk, Kaur, Tamil Nadu 639003
2026-01-21 12:01:40.272 [main] ERROR LogUtil - Unable to read value from Email
2026-01-21 12:01:40.274 [main] INFO  LogUtil - Email: null
2026-01-21 12:01:40.337 [main] INFO  LogUtil - Scrolled element into view
2026-01-21 12:01:40.446 [main] INFO  LogUtil - Download initiated
2026-01-21 12:02:08.719 [main] INFO  LogUtil - ✅ Video downloaded successfully: C:\Users\Admin\Downloads\poppy-admin-automation\src\test\resources\files\Automation Video Test.mp4
2026-01-21 12:02:08.853 [main] INFO  LogUtil - ✔ PASSED TEST: verifyVideoMediaFlow
2026-01-21 12:02:08.928 [main] INFO  LogUtil - 🏁 TEST SUITE FINISHED: Default test
2026-01-21 12:02:57.292 [main] INFO  LogUtil - 🚀 TEST SUITE STARTED: Default test
2026-01-21 12:02:57.416 [main] INFO  LogUtil - ========== TEST SETUP STARTED ==========
2026-01-21 12:03:01.943 [main] INFO  LogUtil - WebDriver initialized successfully
2026-01-21 12:03:03.510 [main] INFO  LogUtil - Navigated to URL: https://axis.poppyindia.com/
2026-01-21 12:03:03.519 [main] INFO  LogUtil - Starting login flow
2026-01-21 12:03:04.072 [main] INFO  LogUtil - Email Field e	ntered successfully
2026-01-21 12:03:04.262 [main] INFO  LogUtil - Password Field e	ntered successfully
2026-01-21 12:03:05.798 [main] INFO  LogUtil - Sign In Button clicked
2026-01-21 12:03:05.859 [main] INFO  LogUtil - Post Login Browser Confirmation not present – continuing
2026-01-21 12:03:07.380 [main] INFO  LogUtil - Dashboard Header is displayed
2026-01-21 12:03:07.514 [main] INFO  LogUtil - Total Media Count after login: TOTAL MEDIA
21
2026-01-21 12:03:07.514 [main] INFO  LogUtil - Login + dashboard verification completed successfully
2026-01-21 12:03:07.514 [main] INFO  LogUtil - Login successful. Proceeding with tests.
2026-01-21 12:03:07.514 [main] INFO  LogUtil - ========== TEST SETUP COMPLETED ==========
2026-01-21 12:03:07.547 [main] INFO  LogUtil - ▶ STARTED TEST: verifyPosterMediaFlow
2026-01-21 12:03:08.264 [main] INFO  LogUtil - Media Menu clicked
2026-01-21 12:03:28.462 [main] INFO  LogUtil - Create Poster Button clicked
2026-01-21 12:03:28.471 [main] INFO  LogUtil - 🖼 Poster creation started at: 2026-01-21T12:03:28.471699700
2026-01-21 12:03:29.302 [main] INFO  LogUtil - Poster Title e	ntered successfully
2026-01-21 12:03:29.468 [main] ERROR LogUtil - ✖ FAILED TEST: verifyPosterMediaFlow
2026-01-21 12:03:29.719 [main] INFO  LogUtil - 🏁 TEST SUITE FINISHED: Default test
2026-01-21 12:04:37.233 [main] INFO  LogUtil - 🚀 TEST SUITE STARTED: Default test
2026-01-21 12:04:37.305 [main] INFO  LogUtil - ========== TEST SETUP STARTED ==========
2026-01-21 12:04:41.311 [main] INFO  LogUtil - WebDriver initialized successfully
2026-01-21 12:04:41.708 [main] INFO  LogUtil - Navigated to URL: https://axis.poppyindia.com/
2026-01-21 12:04:41.722 [main] INFO  LogUtil - Starting login flow
2026-01-21 12:04:43.101 [main] INFO  LogUtil - Email Field e	ntered successfully
2026-01-21 12:04:43.391 [main] INFO  LogUtil - Password Field e	ntered successfully
2026-01-21 12:04:44.886 [main] INFO  LogUtil - Sign In Button clicked
2026-01-21 12:04:44.947 [main] INFO  LogUtil - Post Login Browser Confirmation not present – continuing
2026-01-21 12:04:46.641 [main] INFO  LogUtil - Dashboard Header is displayed
2026-01-21 12:04:46.758 [main] INFO  LogUtil - Total Media Count after login: TOTAL MEDIA
19
2026-01-21 12:04:46.758 [main] INFO  LogUtil - Login + dashboard verification completed successfully
2026-01-21 12:04:46.758 [main] INFO  LogUtil - Login successful. Proceeding with tests.
2026-01-21 12:04:46.758 [main] INFO  LogUtil - ========== TEST SETUP COMPLETED ==========
2026-01-21 12:04:46.792 [main] INFO  LogUtil - ▶ STARTED TEST: verifyPosterMediaFlow
2026-01-21 12:04:47.881 [main] INFO  LogUtil - Media Menu clicked
2026-01-21 12:05:08.123 [main] INFO  LogUtil - Create Poster Button clicked
2026-01-21 12:05:08.127 [main] INFO  LogUtil - 🖼 Poster creation started at: 2026-01-21T12:05:08.127944100
2026-01-21 12:05:08.978 [main] INFO  LogUtil - Poster Title e	ntered successfully
2026-01-21 12:05:08.978 [main] INFO  LogUtil - 📁 Valid Poster Image found: 11 image.jpeg (0 MB)
2026-01-21 12:05:09.082 [main] INFO  LogUtil - 📁 Poster Image Upload uploaded successfully → 11 image.jpeg
2026-01-21 12:05:09.292 [main] INFO  LogUtil - Poster Ratio Dropdown clicked
2026-01-21 12:05:09.579 [main] INFO  LogUtil - Poster Ratio Option clicked
2026-01-21 12:05:09.769 [main] INFO  LogUtil - Save Poster Button clicked
2026-01-21 12:05:09.805 [main] INFO  LogUtil - Poster Upload Loader disappeared
2026-01-21 12:05:11.256 [main] INFO  LogUtil - Posters Menu clicked
2026-01-21 12:05:31.763 [main] INFO  LogUtil - Latest Poster Card clicked
2026-01-21 12:05:31.763 [main] INFO  LogUtil - ✅ Opened latest poster
2026-01-21 12:05:32.657 [main] INFO  LogUtil - Company Name cleared
2026-01-21 12:05:32.859 [main] INFO  LogUtil - Company Name e	ntered successfully
2026-01-21 12:05:32.917 [main] INFO  LogUtil - Company value: Ananth Company
2026-01-21 12:05:32.917 [main] INFO  LogUtil - Company: Ananth Company
2026-01-21 12:05:32.955 [main] INFO  LogUtil - Address value: No. 283/db, Sukkampatti Manalmedu Manmangalam, tk, Kaur, Tamil Nadu 639003
2026-01-21 12:05:32.955 [main] INFO  LogUtil - Address: No. 283/db, Sukkampatti Manalmedu Manmangalam, tk, Kaur, Tamil Nadu 639003
2026-01-21 12:05:32.968 [main] ERROR LogUtil - Unable to read value from Email
2026-01-21 12:05:32.968 [main] INFO  LogUtil - Email: null
2026-01-21 12:05:33.022 [main] INFO  LogUtil - Scrolled element into view
2026-01-21 12:05:33.129 [main] INFO  LogUtil - ⬇ Poster download initiated
2026-01-21 12:05:33.322 [main] INFO  LogUtil - ✔ PASSED TEST: verifyPosterMediaFlow
2026-01-21 12:05:33.697 [main] INFO  LogUtil - 🏁 TEST SUITE FINISHED: Default test
2026-01-21 12:07:26.618 [main] INFO  LogUtil - 🚀 TEST SUITE STARTED: Default test
2026-01-21 12:07:26.741 [main] INFO  LogUtil - ========== TEST SETUP STARTED ==========
2026-01-21 12:07:33.365 [main] INFO  LogUtil - WebDriver initialized successfully
2026-01-21 12:07:34.756 [main] INFO  LogUtil - Navigated to URL: https://axis.poppyindia.com/
2026-01-21 12:07:34.767 [main] INFO  LogUtil - Starting login flow
2026-01-21 12:07:35.308 [main] INFO  LogUtil - Email Field e	ntered successfully
2026-01-21 12:07:35.828 [main] INFO  LogUtil - Password Field e	ntered successfully
2026-01-21 12:07:37.528 [main] INFO  LogUtil - Sign In Button clicked
2026-01-21 12:07:37.608 [main] INFO  LogUtil - Post Login Browser Confirmation not present – continuing
2026-01-21 12:07:39.307 [main] INFO  LogUtil - Dashboard Header is displayed
2026-01-21 12:07:39.487 [main] INFO  LogUtil - Total Media Count after login: TOTAL MEDIA
28
2026-01-21 12:07:39.489 [main] INFO  LogUtil - Login + dashboard verification completed successfully
2026-01-21 12:07:39.489 [main] INFO  LogUtil - Login successful. Proceeding with tests.
2026-01-21 12:07:39.489 [main] INFO  LogUtil - ========== TEST SETUP COMPLETED ==========
2026-01-21 12:07:39.543 [main] INFO  LogUtil - ▶ STARTED TEST: verifyUserProfilesFlow
2026-01-21 12:07:40.416 [main] INFO  LogUtil - User Profiles Menu clicked
2026-01-21 12:08:00.694 [main] INFO  LogUtil - New Profile Button clicked
2026-01-21 12:08:01.455 [main] INFO  LogUtil - User Name e	ntered successfully
2026-01-21 12:08:01.697 [main] INFO  LogUtil - User Email e	ntered successfully
2026-01-21 12:08:01.843 [main] INFO  LogUtil - Password e	ntered successfully
2026-01-21 12:08:02.034 [main] INFO  LogUtil - Mobile Number e	ntered successfully
2026-01-21 12:08:02.247 [main] INFO  LogUtil - Add New User clicked
2026-01-21 12:08:22.901 [main] ERROR LogUtil - ✖ FAILED TEST: verifyUserProfilesFlow
2026-01-21 12:08:23.174 [main] INFO  LogUtil - 🏁 TEST SUITE FINISHED: Default test
2026-01-21 13:23:46.038 [main] INFO  LogUtil - 🚀 TEST SUITE STARTED: Default test
2026-01-21 13:23:46.199 [main] INFO  LogUtil - ========== TEST SETUP STARTED ==========
2026-01-21 13:23:53.001 [main] INFO  LogUtil - WebDriver initialized successfully
2026-01-21 13:23:54.648 [main] INFO  LogUtil - Navigated to URL: https://axis.poppyindia.com/
2026-01-21 13:23:54.653 [main] INFO  LogUtil - Starting login flow
2026-01-21 13:23:55.617 [main] INFO  LogUtil - Email Field e	ntered successfully
2026-01-21 13:23:55.888 [main] INFO  LogUtil - Password Field e	ntered successfully
2026-01-21 13:23:57.851 [main] INFO  LogUtil - Sign In Button clicked
2026-01-21 13:23:57.919 [main] INFO  LogUtil - Post Login Browser Confirmation not present – continuing
2026-01-21 13:23:59.569 [main] INFO  LogUtil - Dashboard Header is displayed
2026-01-21 13:23:59.683 [main] INFO  LogUtil - Total Media Count after login: TOTAL MEDIA
5
2026-01-21 13:23:59.683 [main] INFO  LogUtil - Login + dashboard verification completed successfully
2026-01-21 13:23:59.683 [main] INFO  LogUtil - Login successful. Proceeding with tests.
2026-01-21 13:23:59.683 [main] INFO  LogUtil - ========== TEST SETUP COMPLETED ==========
2026-01-21 13:23:59.724 [main] INFO  LogUtil - ▶ STARTED TEST: verifyDashboard
2026-01-21 13:24:00.130 [main] INFO  LogUtil - ✔ PASSED TEST: verifyDashboard
2026-01-21 13:24:00.538 [main] INFO  LogUtil - 🏁 TEST SUITE FINISHED: Default test
